{smcl}
{com}{sf}{ul off}{txt}{.-}
      name:  {res}<unnamed>
       {txt}log:  {res}D:\大三上\中级计量经济学\老师发的\Lab\作业1\labwork2.smcl
  {txt}log type:  {res}smcl
 {txt}opened on:  {res}15 Oct 2018, 22:29:18
{txt}
{com}. 
. clear all
{res}{txt}
{com}. cd "D:\大三上\中级计量经济学\老师发的\Lab\作业1"
{res}D:\大三上\中级计量经济学\老师发的\Lab\作业1
{txt}
{com}. use fatality
{txt}
{com}. keep state year beertax mrall
{txt}
{com}. gen mrallp = mrall*10000
{txt}
{com}. 
. reg mrallp beertax if year == 1982, r

{txt}Linear regression                               Number of obs     = {res}        48
                                                {txt}F(1, 46)          =  {res}     1.25
                                                {txt}Prob > F          = {res}    0.2687
                                                {txt}R-squared         = {res}    0.0133
                                                {txt}Root MSE          =    {res} .67048

{txt}{hline 13}{c TT}{hline 11}{hline 11}{hline 9}{hline 8}{hline 13}{hline 12}
{col 14}{c |}{col 26}    Robust
{col 1}      mrallp{col 14}{c |}      Coef.{col 26}   Std. Err.{col 38}      t{col 46}   P>|t|{col 54}     [95% Con{col 67}f. Interval]
{hline 13}{c +}{hline 11}{hline 11}{hline 9}{hline 8}{hline 13}{hline 12}
{space 5}beertax {c |}{col 14}{res}{space 2} .1484603{col 26}{space 2} .1326054{col 37}{space 1}    1.12{col 46}{space 3}0.269{col 54}{space 4}-.1184604{col 67}{space 3} .4153811
{txt}{space 7}_cons {c |}{col 14}{res}{space 2} 2.010381{col 26}{space 2} .1495728{col 37}{space 1}   13.44{col 46}{space 3}0.000{col 54}{space 4} 1.709307{col 67}{space 3} 2.311456
{txt}{hline 13}{c BT}{hline 11}{hline 11}{hline 9}{hline 8}{hline 13}{hline 12}
{res}{txt}
{com}. predict t1
{txt}(option {bf:xb} assumed; fitted values)

{com}. twoway scatter mrallp t1 beertax if year == 1982, s(o i) c(. 1) name(first)
{p 0 4 2}
{txt}(note:  named style
1 not found in class
connectstyle,  default attributes used)
{p_end}
{res}{txt}
{com}. 
. reg mrallp beertax if year == 1988, r

{txt}Linear regression                               Number of obs     = {res}        48
                                                {txt}F(1, 46)          =  {res}    11.77
                                                {txt}Prob > F          = {res}    0.0013
                                                {txt}R-squared         = {res}    0.1340
                                                {txt}Root MSE          =    {res} .49025

{txt}{hline 13}{c TT}{hline 11}{hline 11}{hline 9}{hline 8}{hline 13}{hline 12}
{col 14}{c |}{col 26}    Robust
{col 1}      mrallp{col 14}{c |}      Coef.{col 26}   Std. Err.{col 38}      t{col 46}   P>|t|{col 54}     [95% Con{col 67}f. Interval]
{hline 13}{c +}{hline 11}{hline 11}{hline 9}{hline 8}{hline 13}{hline 12}
{space 5}beertax {c |}{col 14}{res}{space 2} .4387546{col 26}{space 2} .1278649{col 37}{space 1}    3.43{col 46}{space 3}0.001{col 54}{space 4} .1813758{col 67}{space 3} .6961334
{txt}{space 7}_cons {c |}{col 14}{res}{space 2} 1.859073{col 26}{space 2} .1146124{col 37}{space 1}   16.22{col 46}{space 3}0.000{col 54}{space 4}  1.62837{col 67}{space 3} 2.089776
{txt}{hline 13}{c BT}{hline 11}{hline 11}{hline 9}{hline 8}{hline 13}{hline 12}
{res}{txt}
{com}. predict t2
{txt}(option {bf:xb} assumed; fitted values)

{com}. twoway scatter mrallp t2 beertax if year == 1988, s(o i) c(. 1) name(second)
{p 0 4 2}
{txt}(note:  named style
1 not found in class
connectstyle,  default attributes used)
{p_end}
{res}{txt}
{com}. 
. gen fatr1 = mrallp-mrallp[_n-6]
{txt}(6 missing values generated)

{com}. gen bet = beertax-beertax[_n-6]
{txt}(6 missing values generated)

{com}. reg fatr1 bet if year == 1988, r

{txt}Linear regression                               Number of obs     = {res}        48
                                                {txt}F(1, 46)          =  {res}     8.60
                                                {txt}Prob > F          = {res}    0.0052
                                                {txt}R-squared         = {res}    0.1192
                                                {txt}Root MSE          =    {res} .39402

{txt}{hline 13}{c TT}{hline 11}{hline 11}{hline 9}{hline 8}{hline 13}{hline 12}
{col 14}{c |}{col 26}    Robust
{col 1}       fatr1{col 14}{c |}      Coef.{col 26}   Std. Err.{col 38}      t{col 46}   P>|t|{col 54}     [95% Con{col 67}f. Interval]
{hline 13}{c +}{hline 11}{hline 11}{hline 9}{hline 8}{hline 13}{hline 12}
{space 9}bet {c |}{col 14}{res}{space 2}-1.040973{col 26}{space 2} .3550062{col 37}{space 1}   -2.93{col 46}{space 3}0.005{col 54}{space 4}-1.755563{col 67}{space 3}-.3263822
{txt}{space 7}_cons {c |}{col 14}{res}{space 2}-.0720371{col 26}{space 2} .0653552{col 37}{space 1}   -1.10{col 46}{space 3}0.276{col 54}{space 4}-.2035903{col 67}{space 3} .0595161
{txt}{hline 13}{c BT}{hline 11}{hline 11}{hline 9}{hline 8}{hline 13}{hline 12}
{res}{txt}
{com}. predict t3
{txt}(option {bf:xb} assumed; fitted values)
(6 missing values generated)

{com}. twoway scatter fatr1 t3 bet if year == 1988, s(o i) c(. 1) name(third)
{p 0 4 2}
{txt}(note:  named style
1 not found in class
connectstyle,  default attributes used)
{p_end}
{res}{txt}
{com}. 
. xtset state year
{res}{txt}{col 8}panel variable:  {res}state (strongly balanced)
{txt}{col 9}time variable:  {res}{col 25}year, 1982 to 1988
{txt}{col 17}delta:  {res}1 unit
{txt}
{com}. xtreg mrallp beertax, fe vce(cluster state)
{res}
{txt}Fixed-effects (within) regression{col 49}Number of obs{col 67}={col 69}{res}       336
{txt}Group variable: {res}state{txt}{col 49}Number of groups{col 67}={col 69}{res}        48

{txt}R-sq:{col 49}Obs per group:
     within  = {res}0.0407{col 63}{txt}min{col 67}={col 69}{res}         7
{txt}     between = {res}0.1101{col 63}{txt}avg{col 67}={col 69}{res}       7.0
{txt}     overall = {res}0.0934{col 63}{txt}max{col 67}={col 69}{res}         7

{txt}{col 49}F({res}1{txt},{res}47{txt}){col 67}={col 70}{res}     5.05
{txt}corr(u_i, Xb){col 16}= {res}-0.6885{txt}{col 49}Prob > F{col 67}={col 73}{res}0.0294

{txt}{ralign 78:(Std. Err. adjusted for {res:48} clusters in state)}
{hline 13}{c TT}{hline 11}{hline 11}{hline 9}{hline 8}{hline 13}{hline 12}
{col 14}{c |}{col 26}    Robust
{col 1}      mrallp{col 14}{c |}      Coef.{col 26}   Std. Err.{col 38}      t{col 46}   P>|t|{col 54}     [95% Con{col 67}f. Interval]
{hline 13}{c +}{hline 11}{hline 11}{hline 9}{hline 8}{hline 13}{hline 12}
{space 5}beertax {c |}{col 14}{res}{space 2}-.6558736{col 26}{space 2} .2918556{col 37}{space 1}   -2.25{col 46}{space 3}0.029{col 54}{space 4}-1.243011{col 67}{space 3}-.0687358
{txt}{space 7}_cons {c |}{col 14}{res}{space 2} 2.377075{col 26}{space 2} .1497966{col 37}{space 1}   15.87{col 46}{space 3}0.000{col 54}{space 4} 2.075723{col 67}{space 3} 2.678427
{txt}{hline 13}{c +}{hline 11}{hline 11}{hline 9}{hline 8}{hline 13}{hline 12}
     sigma_u {c |} {res}  .7147146
     {txt}sigma_e {c |} {res} .18985942
         {txt}rho {c |} {res} .93408484{txt}   (fraction of variance due to u_i)
{hline 13}{c BT}{hline 64}

{com}. 
. 
. gen y83=(year==1983)
{txt}
{com}. gen y84=(year==1984)
{txt}
{com}. gen y85=(year==1985)
{txt}
{com}. gen y86=(year==1986)
{txt}
{com}. gen y87=(year==1987)
{txt}
{com}. gen y88=(year==1988)
{txt}
{com}. global yeardum "y83 y84 y85 y86 y87 y88"
{txt}
{com}. xtreg mrallp beertax $yeardum, fe vce(cluster state)
{res}
{txt}Fixed-effects (within) regression{col 49}Number of obs{col 67}={col 69}{res}       336
{txt}Group variable: {res}state{txt}{col 49}Number of groups{col 67}={col 69}{res}        48

{txt}R-sq:{col 49}Obs per group:
     within  = {res}0.0803{col 63}{txt}min{col 67}={col 69}{res}         7
{txt}     between = {res}0.1101{col 63}{txt}avg{col 67}={col 69}{res}       7.0
{txt}     overall = {res}0.0876{col 63}{txt}max{col 67}={col 69}{res}         7

{txt}{col 49}F({res}7{txt},{res}47{txt}){col 67}={col 70}{res}     4.36
{txt}corr(u_i, Xb){col 16}= {res}-0.6781{txt}{col 49}Prob > F{col 67}={col 73}{res}0.0009

{txt}{ralign 78:(Std. Err. adjusted for {res:48} clusters in state)}
{hline 13}{c TT}{hline 11}{hline 11}{hline 9}{hline 8}{hline 13}{hline 12}
{col 14}{c |}{col 26}    Robust
{col 1}      mrallp{col 14}{c |}      Coef.{col 26}   Std. Err.{col 38}      t{col 46}   P>|t|{col 54}     [95% Con{col 67}f. Interval]
{hline 13}{c +}{hline 11}{hline 11}{hline 9}{hline 8}{hline 13}{hline 12}
{space 5}beertax {c |}{col 14}{res}{space 2}-.6399799{col 26}{space 2} .3570783{col 37}{space 1}   -1.79{col 46}{space 3}0.080{col 54}{space 4}-1.358329{col 67}{space 3} .0783691
{txt}{space 9}y83 {c |}{col 14}{res}{space 2}-.0799029{col 26}{space 2} .0350861{col 37}{space 1}   -2.28{col 46}{space 3}0.027{col 54}{space 4}-.1504869{col 67}{space 3}-.0093188
{txt}{space 9}y84 {c |}{col 14}{res}{space 2}-.0724206{col 26}{space 2} .0438809{col 37}{space 1}   -1.65{col 46}{space 3}0.106{col 54}{space 4}-.1606975{col 67}{space 3} .0158564
{txt}{space 9}y85 {c |}{col 14}{res}{space 2}-.1239763{col 26}{space 2} .0460559{col 37}{space 1}   -2.69{col 46}{space 3}0.010{col 54}{space 4}-.2166288{col 67}{space 3}-.0313238
{txt}{space 9}y86 {c |}{col 14}{res}{space 2}-.0378645{col 26}{space 2} .0570604{col 37}{space 1}   -0.66{col 46}{space 3}0.510{col 54}{space 4}-.1526552{col 67}{space 3} .0769262
{txt}{space 9}y87 {c |}{col 14}{res}{space 2}-.0509021{col 26}{space 2} .0636084{col 37}{space 1}   -0.80{col 46}{space 3}0.428{col 54}{space 4}-.1788656{col 67}{space 3} .0770615
{txt}{space 9}y88 {c |}{col 14}{res}{space 2}-.0518038{col 26}{space 2} .0644023{col 37}{space 1}   -0.80{col 46}{space 3}0.425{col 54}{space 4}-.1813645{col 67}{space 3} .0777568
{txt}{space 7}_cons {c |}{col 14}{res}{space 2}  2.42847{col 26}{space 2} .2016885{col 37}{space 1}   12.04{col 46}{space 3}0.000{col 54}{space 4} 2.022725{col 67}{space 3} 2.834215
{txt}{hline 13}{c +}{hline 11}{hline 11}{hline 9}{hline 8}{hline 13}{hline 12}
     sigma_u {c |} {res} .70945965
     {txt}sigma_e {c |} {res} .18788295
         {txt}rho {c |} {res} .93446372{txt}   (fraction of variance due to u_i)
{hline 13}{c BT}{hline 64}

{com}. 
. log close
      {txt}name:  {res}<unnamed>
       {txt}log:  {res}D:\大三上\中级计量经济学\老师发的\Lab\作业1\labwork2.smcl
  {txt}log type:  {res}smcl
 {txt}closed on:  {res}15 Oct 2018, 22:29:21
{txt}{.-}
{smcl}
{txt}{sf}{ul off}