-------------------------------------------------------------------------------------
      name:  <unnamed>
       log:  D:\大三上\中级计量经济学\老师发的\Lab\上机3&4\1.log
  log type:  text
 opened on:  13 Nov 2018, 20:48:14

. clear all

. cd "D:\大三上\中级计量经济学\老师发的\Lab\上机3&4"  /*for windows*/
D:\大三上\中级计量经济学\老师发的\Lab\上机3&4

. *cd "/Volumes/HAS/大三上/中级计量经济学/老师发的/Lab/上机3&4"
. *HW2_1_JEC
. use JEC

. *a.
. gen lnp = ln(price)

. gen lnq = ln(quantity)

. reg lnq lnp ice seas1-seas12, r

Linear regression                               Number of obs     =        328
                                                F(14, 313)        =      11.77
                                                Prob > F          =     0.0000
                                                R-squared         =     0.3126
                                                Root MSE          =     .39727

------------------------------------------------------------------------------
             |               Robust
         lnq |      Coef.   Std. Err.      t    P>|t|     [95% Conf. Interval]
-------------+----------------------------------------------------------------
         lnp |  -.6388847   .0732804    -8.72   0.000    -.7830692   -.4947003
         ice |   .4477537   .1349288     3.32   0.001     .1822717    .7132358
       seas1 |  -.1328219   .0957944    -1.39   0.167    -.3213042    .0556604
       seas2 |   .0668882   .0907065     0.74   0.461    -.1115834    .2453599
       seas3 |   .1114365   .0970148     1.15   0.252    -.0794472    .3023201
       seas4 |   .1554219   .1324978     1.17   0.242    -.1052771     .416121
       seas5 |   .1096585   .1276572     0.86   0.391    -.1415162    .3608333
       seas6 |   .0468325   .1766425     0.27   0.791    -.3007243    .3943894
       seas7 |   .1225526   .1998661     0.61   0.540    -.2706984    .5158036
       seas8 |  -.2350078   .1749897    -1.34   0.180    -.5793126     .109297
       seas9 |   .0035607   .1723754     0.02   0.984    -.3356003    .3427217
      seas10 |   .1692469   .1729309     0.98   0.328    -.1710071    .5095009
      seas11 |   .2151845   .1728162     1.25   0.214    -.1248439    .5552128
      seas12 |   .2196331   .1700043     1.29   0.197    -.1148625    .5541287
       _cons |   8.861233    .177072    50.04   0.000     8.512831    9.209635
------------------------------------------------------------------------------

. /* the elasticity is -.6388847, the standard error is 0.0732804*/
. *b.
. /*Because supply can influence the demand and the demand can also influence the
> supply, it's the simultaneous causality.*/
. *c
. /*1) Relevence: of course ln(p) is correlated with cartel
>   2) Exogeneity: cartel is unlikely to change the daily used grain people 
>   always need, so cartel is uncorrelated with the error term.
>   So cartel plausibly satisfies the two comditions for a valid IV.*/
. *d
. reg lnp cartel, r

Linear regression                               Number of obs     =        328
                                                F(1, 326)         =     158.36
                                                Prob > F          =     0.0000
                                                R-squared         =     0.3755
                                                Root MSE          =     .22881

------------------------------------------------------------------------------
             |               Robust
         lnp |      Coef.   Std. Err.      t    P>|t|     [95% Conf. Interval]
-------------+----------------------------------------------------------------
      cartel |   .3641777   .0289393    12.58   0.000     .3072464    .4211091
       _cons |  -1.665324   .0260337   -63.97   0.000     -1.71654   -1.614109
------------------------------------------------------------------------------

. /* F= 158.36 > 10, so it's a strong instrument.*/
. *e
. ivreg lnq ice seas1-seas12 (lnp = cartel), r

Instrumental variables (2SLS) regression        Number of obs     =        328
                                                F(14, 313)        =      11.27
                                                Prob > F          =     0.0000
                                                R-squared         =     0.2959
                                                Root MSE          =     .40209

------------------------------------------------------------------------------
             |               Robust
         lnq |      Coef.   Std. Err.      t    P>|t|     [95% Conf. Interval]
-------------+----------------------------------------------------------------
         lnp |  -.8665865   .1338322    -6.48   0.000    -1.129911    -.603262
         ice |    .422934   .1346247     3.14   0.002     .1580502    .6878178
       seas1 |  -.1309732   .1029191    -1.27   0.204     -.333474    .0715275
       seas2 |   .0909521   .0949383     0.96   0.339    -.0958458    .2777501
       seas3 |    .135872   .1004123     1.35   0.177    -.0616964    .3334404
       seas4 |   .1525109    .134472     1.13   0.258    -.1120724    .4170942
       seas5 |   .0735618   .1301482     0.57   0.572    -.1825141    .3296377
       seas6 |  -.0060642   .1762475    -0.03   0.973    -.3528439    .3407155
       seas7 |   .0602324   .2010723     0.30   0.765     -.335392    .4558567
       seas8 |  -.2935991   .1748044    -1.68   0.094    -.6375393    .0503412
       seas9 |  -.0583723   .1754688    -0.33   0.740    -.4036198    .2868753
      seas10 |   .0858109   .1779318     0.48   0.630    -.2642826    .4359044
      seas11 |   .1517912   .1756827     0.86   0.388    -.1938771    .4974595
      seas12 |   .1786558   .1708101     1.05   0.296    -.1574255    .5147371
       _cons |   8.573535   .2156367    39.76   0.000     8.149254    8.997815
------------------------------------------------------------------------------
Instrumented:  lnp
Instruments:   ice seas1 seas2 seas3 seas4 seas5 seas6 seas7 seas8 seas9
               seas10 seas11 seas12 cartel
------------------------------------------------------------------------------

. /* elasticity is -.8665865  standard error is 0.1338322 */
. *f
. /*
> the elasticity is  -0.8665865
> if the price elasticity is less than 1, the monopoly can charge the price to maxima
> ze
> its profit. So the cartel was charging the profit-maximizing monopoly price.
> */
. 
. log close
      name:  <unnamed>
       log:  D:\大三上\中级计量经济学\老师发的\Lab\上机3&4\1.log
  log type:  text
 closed on:  13 Nov 2018, 20:48:15
-------------------------------------------------------------------------------------
